    Updating crates.io index
 Downloading crates ...
  Downloaded ciborium-io v0.2.1
  Downloaded clap_lex v1.1.1
  Downloaded addchain v0.3.0
  Downloaded cpubits v0.1.1
  Downloaded constant_time_eq v0.2.6
  Downloaded oorandom v11.1.3
  Downloaded quick-error v1.2.3
  Downloaded rand_xorshift v0.3.0
  Downloaded universal-hash v0.6.1
  Downloaded plotters-svg v0.3.7
  Downloaded is-terminal v0.4.17
  Downloaded bit-set v0.5.3
  Downloaded autocfg v1.1.0
  Downloaded unarray v0.1.4
  Downloaded winapi-util v0.1.5
  Downloaded memoffset v0.9.0
  Downloaded crunchy v0.2.2
  Downloaded cfg-if v1.0.0
  Downloaded plotters-backend v0.3.7
  Downloaded cast v0.3.0
  Downloaded fastrand v2.0.0
  Downloaded wait-timeout v0.2.0
  Downloaded spin v0.5.2
  Downloaded itoa v1.0.9
  Downloaded inout v0.2.2
  Downloaded arrayref v0.3.7
  Downloaded getset v0.1.3
  Downloaded ff_derive v0.14.0
  Downloaded ciborium-ll v0.2.1
  Downloaded lazy_static v1.4.0
  Downloaded cipher v0.5.2
  Downloaded tinytemplate v1.2.1
  Downloaded walkdir v2.4.0
  Downloaded tracing-attributes v0.1.26
  Downloaded rusty-fork v0.3.0
  Downloaded incrementalmerkletree v0.9.0
  Downloaded zip32 v0.3.0
  Downloaded pin-project-lite v0.2.13
  Downloaded ppv-lite86 v0.2.17
  Downloaded anes v0.1.6
  Downloaded zcash_note_encryption v0.5.1
  Downloaded tempfile v3.8.0
  Downloaded unicode-ident v1.0.11
  Downloaded poly1305 v0.9.1
  Downloaded ciborium v0.2.1
  Downloaded ryu v1.0.15
  Downloaded tracing-core v0.1.31
  Downloaded half v1.8.2
  Downloaded serde v1.0.188
  Downloaded tracing v0.1.37
  Downloaded chacha20poly1305 v0.11.0
  Downloaded reddsa v0.6.1
  Downloaded libm v0.2.7
  Downloaded shardtree v0.8.0
  Downloaded sinsemilla v0.2.0
  Downloaded plotters v0.3.7
  Downloaded clap_builder v4.6.7
  Downloaded aho-corasick v1.0.5
  Downloaded proptest v1.2.0
  Downloaded halo2_proofs v0.4.0
  Downloaded regex v1.9.5
  Downloaded serde_json v1.0.105
  Downloaded num-bigint v0.5.1
  Downloaded regex-syntax v0.6.29
  Downloaded regex-syntax v0.7.5
  Downloaded halo2_gadgets v0.6.0
  Downloaded aes v0.9.2
  Downloaded num-bigint v0.4.4
  Downloaded pasta_curves v0.6.0
  Downloaded memchr v2.6.3
  Downloaded criterion v0.5.1
  Downloaded clap v4.6.7
  Downloaded serde_derive v1.0.188
  Downloaded crossbeam-epoch v0.9.15
  Downloaded blake2b_simd v1.0.1
  Downloaded jubjub v0.11.1
  Downloaded halo2_poseidon v0.2.0
  Downloaded regex-automata v0.3.8
  Downloaded bls12_381 v0.9.0
  Downloaded group v0.14.0
  Downloaded getrandom v0.2.10
  Downloaded fpe v0.7.0
  Downloaded ff v0.14.0
  Downloaded crossbeam-utils v0.8.16
  Downloaded criterion-plot v0.5.0
  Downloaded bitflags v2.4.0
  Downloaded bit-vec v0.6.3
  Downloaded either v1.9.0
  Downloaded crossbeam-deque v0.8.3
  Downloaded cbc v0.2.1
  Downloaded aead v0.6.1
 Downloading crates ...
  Downloaded inferno v0.11.14
 Downloading crates ...
  Downloaded pprof v0.15.0
   Compiling proc-macro2 v1.0.106
   Compiling unicode-ident v1.0.11
   Compiling cfg-if v1.0.0
   Compiling quote v1.0.45
   Compiling autocfg v1.1.0
   Compiling typenum v1.20.1
   Compiling rand_core v0.10.1
   Compiling cpufeatures v0.3.1
   Compiling radium v0.7.0
   Compiling subtle v2.6.1
   Compiling tap v1.0.1
   Compiling libm v0.2.7
   Compiling funty v2.0.0
   Compiling getrandom v0.4.3
   Compiling windows_x86_64_msvc v0.48.5
   Compiling crossbeam-utils v0.8.16
   Compiling spin v0.5.2
   Compiling constant_time_eq v0.2.6
   Compiling either v1.9.0
   Compiling arrayvec v0.7.8
   Compiling wyz v0.5.1
   Compiling lazy_static v1.4.0
   Compiling arrayref v0.3.7
   Compiling memuse v0.2.2
   Compiling getrandom v0.2.10
   Compiling scopeguard v1.2.0
   Compiling static_assertions v1.1.0
   Compiling serde v1.0.188
   Compiling rayon-core v1.13.0
   Compiling once_cell v1.21.4
   Compiling blake2b_simd v1.0.1
   Compiling byteorder v1.5.0
   Compiling ppv-lite86 v0.2.17
   Compiling fastrand v2.0.0
   Compiling num-traits v0.2.19
   Compiling memoffset v0.9.0
   Compiling crossbeam-epoch v0.9.15
   Compiling rand_core v0.6.4
   Compiling winapi v0.3.9
   Compiling fnv v1.0.7
   Compiling quick-error v1.2.3
   Compiling rand_chacha v0.3.1
   Compiling wait-timeout v0.2.0
   Compiling cmov v0.5.4
   Compiling bit-vec v0.6.3
   Compiling rand_xorshift v0.3.0
   Compiling tracing-core v0.1.31
   Compiling unarray v0.1.4
   Compiling crunchy v0.2.2
   Compiling hybrid-array v0.4.15
   Compiling rand v0.8.5
   Compiling windows-targets v0.48.5
   Compiling pin-project-lite v0.2.13
   Compiling ctutils v0.4.2
   Compiling bitflags v1.3.2
   Compiling windows-sys v0.48.0
   Compiling regex-syntax v0.6.29
   Compiling hashbrown v0.17.1
   Compiling hex v0.4.3
   Compiling bit-set v0.5.3
   Compiling thiserror v2.0.18
   Compiling bitvec v1.0.1
   Compiling serde_json v1.0.105
   Compiling equivalent v1.0.2
   Compiling ryu v1.0.15
   Compiling crypto-common v0.2.2
   Compiling inout v0.2.2
   Compiling block-buffer v0.12.1
   Compiling crossbeam-deque v0.8.3
   Compiling syn v2.0.117
   Compiling ciborium-io v0.2.1
   Compiling halo2_legacy_pdqsort v0.1.0
   Compiling regex-syntax v0.7.5
   Compiling plotters-backend v0.3.7
   Compiling proc-macro-error-attr2 v2.0.0
   Compiling anstyle v1.0.14
   Compiling tempfile v3.8.0
   Compiling indexmap v2.14.2
   Compiling itoa v1.0.9
   Compiling windows-link v0.2.1
   Compiling clap_lex v1.1.1
   Compiling half v1.8.2
   Compiling windows-sys v0.61.2
   Compiling plotters-svg v0.3.7
   Compiling rusty-fork v0.3.0
   Compiling rayon v1.12.0
   Compiling num-integer v0.1.47
   Compiling ciborium-ll v0.2.1
   Compiling clap_builder v4.6.7
   Compiling uint v0.9.5
   Compiling cipher v0.5.2
   Compiling universal-hash v0.6.1
   Compiling aead v0.6.1
   Compiling num-bigint v0.5.1
   Compiling winapi-util v0.1.5
   Compiling poly1305 v0.9.1
   Compiling zcash_spec v0.2.1
   Compiling chacha20 v0.10.2
   Compiling same-file v1.0.6
   Compiling proptest v1.2.0
   Compiling cbc v0.2.1
   Compiling itertools v0.10.5
   Compiling bech32 v0.11.1
   Compiling cpubits v0.1.1
   Compiling cast v0.3.0
   Compiling is-terminal v0.4.17
   Compiling rand v0.10.2
   Compiling regex-automata v0.3.8
   Compiling chacha20poly1305 v0.11.0
   Compiling zcash_note_encryption v0.5.1
   Compiling aes v0.9.2
   Compiling ff v0.14.0
   Compiling walkdir v2.4.0
   Compiling plotters v0.3.7
   Compiling nonempty v0.11.0
   Compiling oorandom v11.1.3
   Compiling group v0.14.0
   Compiling bitflags v2.4.0
   Compiling anes v0.1.6
   Compiling corez v0.1.1
   Compiling fpe v0.7.0
   Compiling maybe-rayon v0.1.1
   Compiling criterion-plot v0.5.0
   Compiling clap v4.6.7
   Compiling regex v1.9.5
   Compiling incrementalmerkletree v0.9.0
   Compiling proc-macro-error2 v2.0.1
   Compiling zeroize_derive v1.4.2
   Compiling serde_derive v1.0.188
   Compiling zeroize v1.8.1
   Compiling pasta_curves v0.6.0
   Compiling tracing-attributes v0.1.26
   Compiling bls12_381 v0.9.0
   Compiling thiserror-impl v2.0.18
   Compiling zip32 v0.3.0
   Compiling jubjub v0.11.1
   Compiling getset v0.1.3
   Compiling visibility v0.1.1
   Compiling tracing v0.1.37
   Compiling shardtree v0.8.0
   Compiling halo2_poseidon v0.2.0
   Compiling sinsemilla v0.2.0
   Compiling halo2_proofs v0.4.0
   Compiling reddsa v0.6.1
   Compiling ciborium v0.2.1
   Compiling halo2_gadgets v0.6.0
   Compiling tinytemplate v1.2.1
   Compiling criterion v0.5.1
   Compiling orchard v0.16.0 (C:\Users\js\My project\halo-forge-research\sources\orchard)
    Finished `bench` profile [optimized + debuginfo] target(s) in 1m 01s
  Executable benches\orchard_k11_prover.rs (target\release\deps\orchard_k11_prover-c290d585058b61a6.exe)
